{"level":"info","message":"Server running on port 3000","service":"neuroxp-api","timestamp":"2026-06-18 15:46:01"}
{"level":"info","message":"Server running on port 3000","service":"neuroxp-api","timestamp":"2026-06-18 15:46:02"}
{"level":"info","message":"Server running on port 3000","service":"neuroxp-api","timestamp":"2026-06-18 15:46:02"}
{"level":"info","message":"Server running on port 3000","service":"neuroxp-api","timestamp":"2026-06-18 15:46:03"}
{"level":"info","message":"Server running on port 3000","service":"neuroxp-api","timestamp":"2026-06-18 15:46:04"}
{"level":"info","message":"Server running on port 3000","service":"neuroxp-api","timestamp":"2026-06-18 15:46:04"}
{"level":"info","message":"Server running on port 3000","service":"neuroxp-api","timestamp":"2026-06-18 15:46:04"}
{"level":"info","message":"Server running on port 3000","service":"neuroxp-api","timestamp":"2026-06-18 15:47:10"}
{"level":"info","message":"Server running on port 3000","service":"neuroxp-api","timestamp":"2026-06-18 15:47:11"}
{"level":"info","message":"Server running on port 3000","service":"neuroxp-api","timestamp":"2026-06-18 15:47:11"}
{"level":"info","message":"Server running on port 3000","service":"neuroxp-api","timestamp":"2026-06-18 15:47:11"}
{"level":"info","message":"Server running on port 3000","service":"neuroxp-api","timestamp":"2026-06-18 15:47:11"}
{"level":"info","message":"Server running on port 3000","service":"neuroxp-api","timestamp":"2026-06-18 15:47:11"}
{"level":"info","message":"Server running on port 3000","service":"neuroxp-api","timestamp":"2026-06-18 15:47:11"}
{"level":"info","message":"Server running on port 3000","service":"neuroxp-api","timestamp":"2026-06-18 15:55:05"}
{"error":"","level":"error","message":"Failed to start server","service":"neuroxp-api","timestamp":"2026-06-18 16:03:48"}
{"error":"","level":"error","message":"Failed to start server","service":"neuroxp-api","timestamp":"2026-06-18 16:03:49"}
{"error":"","level":"error","message":"Failed to start server","service":"neuroxp-api","timestamp":"2026-06-18 16:03:49"}
{"error":"","level":"error","message":"Failed to start server","service":"neuroxp-api","timestamp":"2026-06-18 16:03:49"}
{"error":"","level":"error","message":"Failed to start server","service":"neuroxp-api","timestamp":"2026-06-18 16:03:49"}
{"error":"","level":"error","message":"Failed to start server","service":"neuroxp-api","timestamp":"2026-06-18 16:03:49"}
{"error":"","level":"error","message":"Failed to start server","service":"neuroxp-api","timestamp":"2026-06-18 16:03:49"}
{"error":"","level":"error","message":"Failed to start server","service":"neuroxp-api","timestamp":"2026-06-18 16:09:43"}
{"error":"","level":"error","message":"Failed to start server","service":"neuroxp-api","timestamp":"2026-06-18 16:09:43"}
{"error":"","level":"error","message":"Failed to start server","service":"neuroxp-api","timestamp":"2026-06-18 16:09:44"}
{"error":"","level":"error","message":"Failed to start server","service":"neuroxp-api","timestamp":"2026-06-18 16:09:45"}
{"error":"","level":"error","message":"Failed to start server","service":"neuroxp-api","timestamp":"2026-06-18 16:09:46"}
{"error":"","level":"error","message":"Failed to start server","service":"neuroxp-api","timestamp":"2026-06-18 16:09:46"}
{"error":"","level":"error","message":"Failed to start server","service":"neuroxp-api","timestamp":"2026-06-18 16:09:46"}
{"error":"","level":"error","message":"Failed to start server","service":"neuroxp-api","timestamp":"2026-06-18 16:14:27"}
{"error":"","level":"error","message":"Failed to start server","service":"neuroxp-api","timestamp":"2026-06-18 16:19:05"}
{"error":"","level":"error","message":"Failed to start server","service":"neuroxp-api","timestamp":"2026-06-18 16:19:05"}
{"error":"","level":"error","message":"Failed to start server","service":"neuroxp-api","timestamp":"2026-06-18 16:19:21"}
{"error":"","level":"error","message":"Failed to start server","service":"neuroxp-api","timestamp":"2026-06-18 16:19:21"}
{"error":"","level":"error","message":"Failed to start server","service":"neuroxp-api","timestamp":"2026-06-18 16:19:21"}
{"error":"","level":"error","message":"Failed to start server","service":"neuroxp-api","timestamp":"2026-06-18 16:19:21"}
{"error":"","level":"error","message":"Failed to start server","service":"neuroxp-api","timestamp":"2026-06-18 16:19:21"}
{"error":"","level":"error","message":"Failed to start server","service":"neuroxp-api","timestamp":"2026-06-18 16:19:22"}
{"error":"","level":"error","message":"Failed to start server","service":"neuroxp-api","timestamp":"2026-06-18 16:19:22"}
{"error":"","level":"error","message":"Failed to start server","service":"neuroxp-api","timestamp":"2026-06-18 16:19:22"}
{"level":"info","message":"Server running on port 3000","service":"neuroxp-api","timestamp":"2026-06-18 16:29:42"}
{"level":"info","message":"Server running on port 3000","service":"neuroxp-api","timestamp":"2026-06-18 16:29:42"}
{"level":"info","message":"Server running on port 3000","service":"neuroxp-api","timestamp":"2026-06-18 16:29:42"}
{"level":"info","message":"Server running on port 3000","service":"neuroxp-api","timestamp":"2026-06-18 16:29:42"}
{"level":"info","message":"Server running on port 3000","service":"neuroxp-api","timestamp":"2026-06-18 16:29:42"}
{"level":"info","message":"Server running on port 3000","service":"neuroxp-api","timestamp":"2026-06-18 16:29:42"}
{"level":"info","message":"Server running on port 3000","service":"neuroxp-api","timestamp":"2026-06-18 16:29:42"}
{"level":"info","message":"Server running on port 3000","service":"neuroxp-api","timestamp":"2026-06-18 16:30:29"}
{"level":"info","message":"Server running on port 3000","service":"neuroxp-api","timestamp":"2026-06-18 16:30:29"}
{"level":"info","message":"Server running on port 3000","service":"neuroxp-api","timestamp":"2026-06-18 16:30:29"}
{"level":"info","message":"Server running on port 3000","service":"neuroxp-api","timestamp":"2026-06-18 16:30:29"}
{"level":"info","message":"Server running on port 3000","service":"neuroxp-api","timestamp":"2026-06-18 16:30:29"}
{"level":"info","message":"Server running on port 3000","service":"neuroxp-api","timestamp":"2026-06-18 16:30:29"}
{"level":"info","message":"Server running on port 3000","service":"neuroxp-api","timestamp":"2026-06-18 16:30:29"}
{"level":"info","message":"Server running on port 3000","service":"neuroxp-api","timestamp":"2026-06-18 16:30:33"}
{"email":"mvsenko7@gmail.com","level":"info","message":"User created successfully","requestId":"b9671cce-1baa-42b9-9cd4-a9c7679f6e43","service":"neuroxp-api","timestamp":"2026-06-18 16:31:31","userId":1}
{"endpoint":{"averageResponseTime":"316.00ms","p95ResponseTime":"316.00ms","totalRequests":1},"level":"info","message":"Request metrics recorded","method":"POST","path":"/","requestId":"unknown","responseTime":"316ms","service":"neuroxp-api","statusCode":201,"timestamp":"2026-06-18 16:31:31"}
{"endpoint":{"averageResponseTime":"16.00ms","p95ResponseTime":"16.00ms","totalRequests":1},"level":"info","message":"Request metrics recorded","method":"GET","path":"/:id/tasks","requestId":"unknown","responseTime":"16ms","service":"neuroxp-api","statusCode":200,"timestamp":"2026-06-18 16:31:31"}
{"endpoint":{"averageResponseTime":"15.00ms","p95ResponseTime":"15.00ms","totalRequests":1},"level":"info","message":"Request metrics recorded","method":"GET","path":"/:id","requestId":"unknown","responseTime":"15ms","service":"neuroxp-api","statusCode":200,"timestamp":"2026-06-18 16:31:31"}
{"endpoint":{"averageResponseTime":"17.50ms","p95ResponseTime":"19.00ms","totalRequests":2},"level":"info","message":"Request metrics recorded","method":"GET","path":"/:id/tasks","requestId":"unknown","responseTime":"19ms","service":"neuroxp-api","statusCode":200,"timestamp":"2026-06-18 16:37:37"}
{"endpoint":{"averageResponseTime":"21.00ms","p95ResponseTime":"27.00ms","totalRequests":2},"level":"info","message":"Request metrics recorded","method":"GET","path":"/:id","requestId":"unknown","responseTime":"27ms","service":"neuroxp-api","statusCode":200,"timestamp":"2026-06-18 16:37:37"}
{"endpoint":{"averageResponseTime":"3.00ms","p95ResponseTime":"3.00ms","totalRequests":1},"level":"info","message":"Request metrics recorded","method":"GET","path":"/ranking","requestId":"unknown","responseTime":"3ms","service":"neuroxp-api","statusCode":200,"timestamp":"2026-06-18 16:37:38"}
{"endpoint":{"averageResponseTime":"9.00ms","p95ResponseTime":"9.00ms","totalRequests":1},"level":"info","message":"Request metrics recorded","method":"GET","path":"/:id/friends","requestId":"unknown","responseTime":"9ms","service":"neuroxp-api","statusCode":200,"timestamp":"2026-06-18 16:37:38"}
{"endpoint":{"averageResponseTime":"18.33ms","p95ResponseTime":"27.00ms","totalRequests":3},"level":"info","message":"Request metrics recorded","method":"GET","path":"/:id","requestId":"unknown","responseTime":"13ms","service":"neuroxp-api","statusCode":200,"timestamp":"2026-06-18 16:37:38"}
{"endpoint":{"averageResponseTime":"2.50ms","p95ResponseTime":"3.00ms","totalRequests":2},"level":"info","message":"Request metrics recorded","method":"GET","path":"/ranking","requestId":"unknown","responseTime":"2ms","service":"neuroxp-api","statusCode":200,"timestamp":"2026-06-18 16:37:39"}
{"endpoint":{"averageResponseTime":"16.75ms","p95ResponseTime":"27.00ms","totalRequests":4},"level":"info","message":"Request metrics recorded","method":"GET","path":"/:id","requestId":"unknown","responseTime":"12ms","service":"neuroxp-api","statusCode":200,"timestamp":"2026-06-18 16:37:40"}
{"endpoint":{"averageResponseTime":"10.50ms","p95ResponseTime":"12.00ms","totalRequests":2},"level":"info","message":"Request metrics recorded","method":"GET","path":"/:id/friends","requestId":"unknown","responseTime":"12ms","service":"neuroxp-api","statusCode":200,"timestamp":"2026-06-18 16:37:40"}
{"endpoint":{"averageResponseTime":"2.00ms","p95ResponseTime":"3.00ms","totalRequests":3},"level":"info","message":"Request metrics recorded","method":"GET","path":"/ranking","requestId":"unknown","responseTime":"1ms","service":"neuroxp-api","statusCode":200,"timestamp":"2026-06-18 16:37:40"}
{"endpoint":{"averageResponseTime":"13.00ms","p95ResponseTime":"19.00ms","totalRequests":3},"level":"info","message":"Request metrics recorded","method":"GET","path":"/:id/tasks","requestId":"unknown","responseTime":"4ms","service":"neuroxp-api","statusCode":200,"timestamp":"2026-06-18 16:37:41"}
{"endpoint":{"averageResponseTime":"16.20ms","p95ResponseTime":"27.00ms","totalRequests":5},"level":"info","message":"Request metrics recorded","method":"GET","path":"/:id","requestId":"unknown","responseTime":"14ms","service":"neuroxp-api","statusCode":200,"timestamp":"2026-06-18 16:37:41"}
{"endpoint":{"averageResponseTime":"11.75ms","p95ResponseTime":"19.00ms","totalRequests":4},"level":"info","message":"Request metrics recorded","method":"GET","path":"/:id/tasks","requestId":"unknown","responseTime":"8ms","service":"neuroxp-api","statusCode":200,"timestamp":"2026-06-18 16:37:41"}
{"endpoint":{"averageResponseTime":"15.17ms","p95ResponseTime":"27.00ms","totalRequests":6},"level":"info","message":"Request metrics recorded","method":"GET","path":"/:id","requestId":"unknown","responseTime":"10ms","service":"neuroxp-api","statusCode":200,"timestamp":"2026-06-18 16:37:41"}
{"endpoint":{"averageResponseTime":"11.00ms","p95ResponseTime":"19.00ms","totalRequests":5},"level":"info","message":"Request metrics recorded","method":"GET","path":"/:id/tasks","requestId":"unknown","responseTime":"8ms","service":"neuroxp-api","statusCode":200,"timestamp":"2026-06-18 16:37:41"}
{"endpoint":{"averageResponseTime":"15.29ms","p95ResponseTime":"27.00ms","totalRequests":7},"level":"info","message":"Request metrics recorded","method":"GET","path":"/:id","requestId":"unknown","responseTime":"16ms","service":"neuroxp-api","statusCode":200,"timestamp":"2026-06-18 16:37:41"}
{"endpoint":{"averageResponseTime":"2.25ms","p95ResponseTime":"3.00ms","totalRequests":4},"level":"info","message":"Request metrics recorded","method":"GET","path":"/ranking","requestId":"unknown","responseTime":"3ms","service":"neuroxp-api","statusCode":200,"timestamp":"2026-06-18 16:37:42"}
{"endpoint":{"averageResponseTime":"9.67ms","p95ResponseTime":"12.00ms","totalRequests":3},"level":"info","message":"Request metrics recorded","method":"GET","path":"/:id/friends","requestId":"unknown","responseTime":"8ms","service":"neuroxp-api","statusCode":200,"timestamp":"2026-06-18 16:37:43"}
{"endpoint":{"averageResponseTime":"14.63ms","p95ResponseTime":"27.00ms","totalRequests":8},"level":"info","message":"Request metrics recorded","method":"GET","path":"/:id","requestId":"unknown","responseTime":"10ms","service":"neuroxp-api","statusCode":200,"timestamp":"2026-06-18 16:37:43"}
{"endpoint":{"averageResponseTime":"2.00ms","p95ResponseTime":"3.00ms","totalRequests":5},"level":"info","message":"Request metrics recorded","method":"GET","path":"/ranking","requestId":"unknown","responseTime":"1ms","service":"neuroxp-api","statusCode":200,"timestamp":"2026-06-18 16:37:43"}
{"endpoint":{"averageResponseTime":"11.83ms","p95ResponseTime":"19.00ms","totalRequests":6},"level":"info","message":"Request metrics recorded","method":"GET","path":"/:id/tasks","requestId":"unknown","responseTime":"16ms","service":"neuroxp-api","statusCode":200,"timestamp":"2026-06-18 16:37:44"}
{"endpoint":{"averageResponseTime":"15.33ms","p95ResponseTime":"27.00ms","totalRequests":9},"level":"info","message":"Request metrics recorded","method":"GET","path":"/:id","requestId":"unknown","responseTime":"21ms","service":"neuroxp-api","statusCode":200,"timestamp":"2026-06-18 16:37:44"}
{"endpoint":{"averageResponseTime":"11.00ms","p95ResponseTime":"19.00ms","totalRequests":7},"level":"info","message":"Request metrics recorded","method":"GET","path":"/:id/tasks","requestId":"unknown","responseTime":"6ms","service":"neuroxp-api","statusCode":200,"timestamp":"2026-06-18 16:37:44"}
{"endpoint":{"averageResponseTime":"14.60ms","p95ResponseTime":"27.00ms","totalRequests":10},"level":"info","message":"Request metrics recorded","method":"GET","path":"/:id","requestId":"unknown","responseTime":"8ms","service":"neuroxp-api","statusCode":200,"timestamp":"2026-06-18 16:37:44"}
{"endpoint":{"averageResponseTime":"1.83ms","p95ResponseTime":"3.00ms","totalRequests":6},"level":"info","message":"Request metrics recorded","method":"GET","path":"/ranking","requestId":"unknown","responseTime":"1ms","service":"neuroxp-api","statusCode":200,"timestamp":"2026-06-18 16:37:45"}
{"endpoint":{"averageResponseTime":"9.25ms","p95ResponseTime":"12.00ms","totalRequests":4},"level":"info","message":"Request metrics recorded","method":"GET","path":"/:id/friends","requestId":"unknown","responseTime":"8ms","service":"neuroxp-api","statusCode":200,"timestamp":"2026-06-18 16:37:46"}
{"endpoint":{"averageResponseTime":"14.36ms","p95ResponseTime":"27.00ms","totalRequests":11},"level":"info","message":"Request metrics recorded","method":"GET","path":"/:id","requestId":"unknown","responseTime":"12ms","service":"neuroxp-api","statusCode":200,"timestamp":"2026-06-18 16:37:46"}
{"endpoint":{"averageResponseTime":"11.38ms","p95ResponseTime":"19.00ms","totalRequests":8},"level":"info","message":"Request metrics recorded","method":"GET","path":"/:id/tasks","requestId":"unknown","responseTime":"14ms","service":"neuroxp-api","statusCode":200,"timestamp":"2026-06-18 16:37:49"}
{"endpoint":{"averageResponseTime":"14.83ms","p95ResponseTime":"27.00ms","totalRequests":12},"level":"info","message":"Request metrics recorded","method":"GET","path":"/:id","requestId":"unknown","responseTime":"20ms","service":"neuroxp-api","statusCode":200,"timestamp":"2026-06-18 16:37:49"}
{"level":"info","message":"Server running on port 3000","service":"neuroxp-api","timestamp":"2026-06-18 16:38:07"}
{"endpoint":{"averageResponseTime":"10.89ms","p95ResponseTime":"19.00ms","totalRequests":9},"level":"info","message":"Request metrics recorded","method":"GET","path":"/:id/tasks","requestId":"unknown","responseTime":"7ms","service":"neuroxp-api","statusCode":200,"timestamp":"2026-06-18 16:38:30"}
{"endpoint":{"averageResponseTime":"14.31ms","p95ResponseTime":"27.00ms","totalRequests":13},"level":"info","message":"Request metrics recorded","method":"GET","path":"/:id","requestId":"unknown","responseTime":"8ms","service":"neuroxp-api","statusCode":200,"timestamp":"2026-06-18 16:38:30"}
{"endpoint":{"averageResponseTime":"1.00ms","p95ResponseTime":"1.00ms","totalRequests":1},"level":"info","message":"Request metrics recorded","method":"POST","path":"/:id/tasks","requestId":"unknown","responseTime":"1ms","service":"neuroxp-api","statusCode":400,"timestamp":"2026-06-18 16:39:01"}
{"endpoint":{"averageResponseTime":"0.50ms","p95ResponseTime":"1.00ms","totalRequests":2},"level":"info","message":"Request metrics recorded","method":"POST","path":"/:id/tasks","requestId":"unknown","responseTime":"0ms","service":"neuroxp-api","statusCode":400,"timestamp":"2026-06-18 16:39:05"}
{"endpoint":{"averageResponseTime":"0.33ms","p95ResponseTime":"1.00ms","totalRequests":3},"level":"info","message":"Request metrics recorded","method":"POST","path":"/:id/tasks","requestId":"unknown","responseTime":"0ms","service":"neuroxp-api","statusCode":400,"timestamp":"2026-06-18 16:39:06"}
{"endpoint":{"averageResponseTime":"0.25ms","p95ResponseTime":"1.00ms","totalRequests":4},"level":"info","message":"Request metrics recorded","method":"POST","path":"/:id/tasks","requestId":"unknown","responseTime":"0ms","service":"neuroxp-api","statusCode":400,"timestamp":"2026-06-18 16:39:06"}
{"endpoint":{"averageResponseTime":"0.40ms","p95ResponseTime":"1.00ms","totalRequests":5},"level":"info","message":"Request metrics recorded","method":"POST","path":"/:id/tasks","requestId":"unknown","responseTime":"1ms","service":"neuroxp-api","statusCode":400,"timestamp":"2026-06-18 16:39:07"}
{"endpoint":{"averageResponseTime":"0.33ms","p95ResponseTime":"1.00ms","totalRequests":6},"level":"info","message":"Request metrics recorded","method":"POST","path":"/:id/tasks","requestId":"unknown","responseTime":"0ms","service":"neuroxp-api","statusCode":400,"timestamp":"2026-06-18 16:39:07"}
{"endpoint":{"averageResponseTime":"0.29ms","p95ResponseTime":"1.00ms","totalRequests":7},"level":"info","message":"Request metrics recorded","method":"POST","path":"/:id/tasks","requestId":"unknown","responseTime":"0ms","service":"neuroxp-api","statusCode":400,"timestamp":"2026-06-18 16:39:07"}
{"endpoint":{"averageResponseTime":"0.25ms","p95ResponseTime":"1.00ms","totalRequests":8},"level":"info","message":"Request metrics recorded","method":"POST","path":"/:id/tasks","requestId":"unknown","responseTime":"0ms","service":"neuroxp-api","statusCode":400,"timestamp":"2026-06-18 16:39:07"}
{"level":"info","message":"Server running on port 3000","service":"neuroxp-api","timestamp":"2026-06-18 16:40:41"}
{"endpoint":{"averageResponseTime":"0.22ms","p95ResponseTime":"1.00ms","totalRequests":9},"level":"info","message":"Request metrics recorded","method":"POST","path":"/:id/tasks","requestId":"unknown","responseTime":"0ms","service":"neuroxp-api","statusCode":400,"timestamp":"2026-06-18 16:40:51"}
{"endpoint":{"averageResponseTime":"0.30ms","p95ResponseTime":"1.00ms","totalRequests":10},"level":"info","message":"Request metrics recorded","method":"POST","path":"/:id/tasks","requestId":"unknown","responseTime":"1ms","service":"neuroxp-api","statusCode":400,"timestamp":"2026-06-18 16:40:52"}
{"endpoint":{"averageResponseTime":"13.71ms","p95ResponseTime":"27.00ms","totalRequests":14},"level":"info","message":"Request metrics recorded","method":"GET","path":"/:id","requestId":"unknown","responseTime":"6ms","service":"neuroxp-api","statusCode":200,"timestamp":"2026-06-18 16:40:58"}
{"endpoint":{"averageResponseTime":"11.50ms","p95ResponseTime":"19.00ms","totalRequests":10},"level":"info","message":"Request metrics recorded","method":"GET","path":"/:id/tasks","requestId":"unknown","responseTime":"17ms","service":"neuroxp-api","statusCode":200,"timestamp":"2026-06-18 16:40:58"}
{"endpoint":{"averageResponseTime":"0.36ms","p95ResponseTime":"1.00ms","totalRequests":11},"level":"info","message":"Request metrics recorded","method":"POST","path":"/:id/tasks","requestId":"unknown","responseTime":"1ms","service":"neuroxp-api","statusCode":400,"timestamp":"2026-06-18 16:41:11"}
{"endpoint":{"averageResponseTime":"0.33ms","p95ResponseTime":"1.00ms","totalRequests":12},"level":"info","message":"Request metrics recorded","method":"POST","path":"/:id/tasks","requestId":"unknown","responseTime":"0ms","service":"neuroxp-api","statusCode":400,"timestamp":"2026-06-18 16:41:28"}
{"endpoint":{"averageResponseTime":"11.09ms","p95ResponseTime":"19.00ms","totalRequests":11},"level":"info","message":"Request metrics recorded","method":"GET","path":"/:id/tasks","requestId":"unknown","responseTime":"7ms","service":"neuroxp-api","statusCode":200,"timestamp":"2026-06-18 16:44:39"}
{"endpoint":{"averageResponseTime":"13.27ms","p95ResponseTime":"27.00ms","totalRequests":15},"level":"info","message":"Request metrics recorded","method":"GET","path":"/:id","requestId":"unknown","responseTime":"7ms","service":"neuroxp-api","statusCode":200,"timestamp":"2026-06-18 16:44:39"}
{"level":"info","message":"Server running on port 3000","service":"neuroxp-api","timestamp":"2026-06-18 16:46:32"}
{"endpoint":{"averageResponseTime":"11.42ms","p95ResponseTime":"19.00ms","totalRequests":12},"level":"info","message":"Request metrics recorded","method":"GET","path":"/:id/tasks","requestId":"unknown","responseTime":"15ms","service":"neuroxp-api","statusCode":200,"timestamp":"2026-06-18 16:46:55"}
{"endpoint":{"averageResponseTime":"13.38ms","p95ResponseTime":"27.00ms","totalRequests":16},"level":"info","message":"Request metrics recorded","method":"GET","path":"/:id","requestId":"unknown","responseTime":"15ms","service":"neuroxp-api","statusCode":200,"timestamp":"2026-06-18 16:46:55"}
{"endpoint":{"averageResponseTime":"1.08ms","p95ResponseTime":"10.00ms","totalRequests":13},"level":"info","message":"Request metrics recorded","method":"POST","path":"/:id/tasks","requestId":"unknown","responseTime":"10ms","service":"neuroxp-api","statusCode":201,"timestamp":"2026-06-18 16:47:14"}
{"endpoint":{"averageResponseTime":"11.00ms","p95ResponseTime":"19.00ms","totalRequests":13},"level":"info","message":"Request metrics recorded","method":"GET","path":"/:id/tasks","requestId":"unknown","responseTime":"6ms","service":"neuroxp-api","statusCode":200,"timestamp":"2026-06-18 16:47:14"}
{"endpoint":{"averageResponseTime":"13.18ms","p95ResponseTime":"27.00ms","totalRequests":17},"level":"info","message":"Request metrics recorded","method":"GET","path":"/:id","requestId":"unknown","responseTime":"10ms","service":"neuroxp-api","statusCode":200,"timestamp":"2026-06-18 16:47:14"}
{"level":"info","message":"Task completed successfully","requestId":"340f0515-b5ab-47cf-a9cb-e52eac26c93b","service":"neuroxp-api","taskId":"1","timestamp":"2026-06-18 16:47:18","userId":1}
{"endpoint":{"averageResponseTime":"13.00ms","p95ResponseTime":"13.00ms","totalRequests":1},"level":"info","message":"Request metrics recorded","method":"PATCH","path":"/:id/tasks/:taskId/complete","requestId":"unknown","responseTime":"13ms","service":"neuroxp-api","statusCode":200,"timestamp":"2026-06-18 16:47:18"}
{"endpoint":{"averageResponseTime":"10.64ms","p95ResponseTime":"19.00ms","totalRequests":14},"level":"info","message":"Request metrics recorded","method":"GET","path":"/:id/tasks","requestId":"unknown","responseTime":"6ms","service":"neuroxp-api","statusCode":200,"timestamp":"2026-06-18 16:47:18"}
{"endpoint":{"averageResponseTime":"12.83ms","p95ResponseTime":"27.00ms","totalRequests":18},"level":"info","message":"Request metrics recorded","method":"GET","path":"/:id","requestId":"unknown","responseTime":"7ms","service":"neuroxp-api","statusCode":200,"timestamp":"2026-06-18 16:47:18"}
{"endpoint":{"averageResponseTime":"1.00ms","p95ResponseTime":"10.00ms","totalRequests":14},"level":"info","message":"Request metrics recorded","method":"POST","path":"/:id/tasks","requestId":"unknown","responseTime":"0ms","service":"neuroxp-api","statusCode":400,"timestamp":"2026-06-18 16:47:34"}
{"endpoint":{"averageResponseTime":"1.71ms","p95ResponseTime":"3.00ms","totalRequests":7},"level":"info","message":"Request metrics recorded","method":"GET","path":"/ranking","requestId":"unknown","responseTime":"1ms","service":"neuroxp-api","statusCode":200,"timestamp":"2026-06-18 16:47:43"}
{"endpoint":{"averageResponseTime":"9.80ms","p95ResponseTime":"12.00ms","totalRequests":5},"level":"info","message":"Request metrics recorded","method":"GET","path":"/:id/friends","requestId":"unknown","responseTime":"12ms","service":"neuroxp-api","statusCode":200,"timestamp":"2026-06-18 16:47:46"}
{"endpoint":{"averageResponseTime":"12.89ms","p95ResponseTime":"27.00ms","totalRequests":19},"level":"info","message":"Request metrics recorded","method":"GET","path":"/:id","requestId":"unknown","responseTime":"14ms","service":"neuroxp-api","statusCode":200,"timestamp":"2026-06-18 16:47:46"}
{"endpoint":{"averageResponseTime":"10.33ms","p95ResponseTime":"19.00ms","totalRequests":15},"level":"info","message":"Request metrics recorded","method":"GET","path":"/:id/tasks","requestId":"unknown","responseTime":"6ms","service":"neuroxp-api","statusCode":200,"timestamp":"2026-06-18 16:47:50"}
{"endpoint":{"averageResponseTime":"12.70ms","p95ResponseTime":"21.00ms","totalRequests":20},"level":"info","message":"Request metrics recorded","method":"GET","path":"/:id","requestId":"unknown","responseTime":"9ms","service":"neuroxp-api","statusCode":200,"timestamp":"2026-06-18 16:47:50"}
{"endpoint":{"averageResponseTime":"0.00ms","p95ResponseTime":"0.00ms","totalRequests":1},"level":"info","message":"Request metrics recorded","method":"HEAD","path":"/health","requestId":"unknown","responseTime":"0ms","service":"neuroxp-api","statusCode":200,"timestamp":"2026-06-18 16:50:34"}
{"level":"info","message":"Server running on port 3000","service":"neuroxp-api","timestamp":"2026-06-18 16:50:37"}
{"endpoint":{"averageResponseTime":"10.06ms","p95ResponseTime":"19.00ms","totalRequests":16},"level":"info","message":"Request metrics recorded","method":"GET","path":"/:id/tasks","requestId":"unknown","responseTime":"6ms","service":"neuroxp-api","statusCode":200,"timestamp":"2026-06-18 16:50:49"}
{"endpoint":{"averageResponseTime":"12.38ms","p95ResponseTime":"21.00ms","totalRequests":21},"level":"info","message":"Request metrics recorded","method":"GET","path":"/:id","requestId":"unknown","responseTime":"6ms","service":"neuroxp-api","statusCode":200,"timestamp":"2026-06-18 16:50:49"}
{"email":"fluxo-ui-766349@example.com","level":"info","message":"User created successfully","requestId":"58adcf88-7ed6-4b69-91c6-5fb8eb90bb24","service":"neuroxp-api","timestamp":"2026-06-18 16:51:16","userId":2}
{"endpoint":{"averageResponseTime":"309.50ms","p95ResponseTime":"316.00ms","totalRequests":2},"level":"info","message":"Request metrics recorded","method":"POST","path":"/","requestId":"unknown","responseTime":"303ms","service":"neuroxp-api","statusCode":201,"timestamp":"2026-06-18 16:51:16"}
{"endpoint":{"averageResponseTime":"9.59ms","p95ResponseTime":"19.00ms","totalRequests":17},"level":"info","message":"Request metrics recorded","method":"GET","path":"/:id/tasks","requestId":"unknown","responseTime":"2ms","service":"neuroxp-api","statusCode":200,"timestamp":"2026-06-18 16:51:16"}
{"endpoint":{"averageResponseTime":"12.05ms","p95ResponseTime":"21.00ms","totalRequests":22},"level":"info","message":"Request metrics recorded","method":"GET","path":"/:id","requestId":"unknown","responseTime":"5ms","service":"neuroxp-api","statusCode":200,"timestamp":"2026-06-18 16:51:16"}
{"endpoint":{"averageResponseTime":"11.74ms","p95ResponseTime":"21.00ms","totalRequests":23},"level":"info","message":"Request metrics recorded","method":"GET","path":"/:id","requestId":"unknown","responseTime":"5ms","service":"neuroxp-api","statusCode":200,"timestamp":"2026-06-18 16:51:16"}
{"endpoint":{"averageResponseTime":"8.50ms","p95ResponseTime":"12.00ms","totalRequests":6},"level":"info","message":"Request metrics recorded","method":"GET","path":"/:id/friends","requestId":"unknown","responseTime":"2ms","service":"neuroxp-api","statusCode":200,"timestamp":"2026-06-18 16:51:16"}
{"endpoint":{"averageResponseTime":"305.00ms","p95ResponseTime":"305.00ms","totalRequests":1},"level":"info","message":"Request metrics recorded","method":"POST","path":"/login","requestId":"unknown","responseTime":"305ms","service":"neuroxp-api","statusCode":401,"timestamp":"2026-06-18 16:51:17"}
{"endpoint":{"averageResponseTime":"326.00ms","p95ResponseTime":"347.00ms","totalRequests":2},"level":"info","message":"Request metrics recorded","method":"POST","path":"/login","requestId":"unknown","responseTime":"347ms","service":"neuroxp-api","statusCode":200,"timestamp":"2026-06-18 16:51:17"}
{"endpoint":{"averageResponseTime":"9.17ms","p95ResponseTime":"19.00ms","totalRequests":18},"level":"info","message":"Request metrics recorded","method":"GET","path":"/:id/tasks","requestId":"unknown","responseTime":"2ms","service":"neuroxp-api","statusCode":200,"timestamp":"2026-06-18 16:51:17"}
{"endpoint":{"averageResponseTime":"11.50ms","p95ResponseTime":"21.00ms","totalRequests":24},"level":"info","message":"Request metrics recorded","method":"GET","path":"/:id","requestId":"unknown","responseTime":"6ms","service":"neuroxp-api","statusCode":200,"timestamp":"2026-06-18 16:51:17"}
{"email":"rubrica-principal-348796@example.com","level":"info","message":"User created successfully","requestId":"38628cee-47ce-4cd2-8543-942b58039894","service":"neuroxp-api","timestamp":"2026-06-18 16:51:18","userId":3}
{"endpoint":{"averageResponseTime":"311.33ms","p95ResponseTime":"316.00ms","totalRequests":3},"level":"info","message":"Request metrics recorded","method":"POST","path":"/","requestId":"unknown","responseTime":"315ms","service":"neuroxp-api","statusCode":201,"timestamp":"2026-06-18 16:51:18"}
{"email":"rubrica-amigo-352653@example.com","level":"info","message":"User created successfully","requestId":"909e4543-a31a-423b-88cb-bc745e56596f","service":"neuroxp-api","timestamp":"2026-06-18 16:51:18","userId":4}
{"endpoint":{"averageResponseTime":"315.25ms","p95ResponseTime":"327.00ms","totalRequests":4},"level":"info","message":"Request metrics recorded","method":"POST","path":"/","requestId":"unknown","responseTime":"327ms","service":"neuroxp-api","statusCode":201,"timestamp":"2026-06-18 16:51:18"}
{"email":"rubrica-fora-ranking-365862@example.com","level":"info","message":"User created successfully","requestId":"5511d799-379d-4829-b2f2-b0dc4c865a3f","service":"neuroxp-api","timestamp":"2026-06-18 16:51:19","userId":5}
{"endpoint":{"averageResponseTime":"321.20ms","p95ResponseTime":"345.00ms","totalRequests":5},"level":"info","message":"Request metrics recorded","method":"POST","path":"/","requestId":"unknown","responseTime":"345ms","service":"neuroxp-api","statusCode":201,"timestamp":"2026-06-18 16:51:19"}
{"endpoint":{"averageResponseTime":"1.47ms","p95ResponseTime":"10.00ms","totalRequests":15},"level":"info","message":"Request metrics recorded","method":"POST","path":"/:id/tasks","requestId":"unknown","responseTime":"8ms","service":"neuroxp-api","statusCode":201,"timestamp":"2026-06-18 16:51:19"}
{"level":"info","message":"Task completed successfully","requestId":"bb14d62e-3ba9-4a54-b182-4cce9dccc83b","service":"neuroxp-api","taskId":"1","timestamp":"2026-06-18 16:51:19","userId":3}
{"endpoint":{"averageResponseTime":"14.00ms","p95ResponseTime":"15.00ms","totalRequests":2},"level":"info","message":"Request metrics recorded","method":"PATCH","path":"/:id/tasks/:taskId/complete","requestId":"unknown","responseTime":"15ms","service":"neuroxp-api","statusCode":200,"timestamp":"2026-06-18 16:51:19"}
{"friendId":4,"level":"info","message":"Friend added successfully","requestId":"acd12364-9f04-4cc4-98e0-e71f1a068af9","service":"neuroxp-api","timestamp":"2026-06-18 16:51:19","userId":3}
{"endpoint":{"averageResponseTime":"13.00ms","p95ResponseTime":"13.00ms","totalRequests":1},"level":"info","message":"Request metrics recorded","method":"POST","path":"/:id/friends","requestId":"unknown","responseTime":"13ms","service":"neuroxp-api","statusCode":201,"timestamp":"2026-06-18 16:51:19"}
{"endpoint":{"averageResponseTime":"8.79ms","p95ResponseTime":"19.00ms","totalRequests":19},"level":"info","message":"Request metrics recorded","method":"GET","path":"/:id/tasks","requestId":"unknown","responseTime":"2ms","service":"neuroxp-api","statusCode":200,"timestamp":"2026-06-18 16:51:20"}
{"endpoint":{"averageResponseTime":"11.24ms","p95ResponseTime":"21.00ms","totalRequests":25},"level":"info","message":"Request metrics recorded","method":"GET","path":"/:id","requestId":"unknown","responseTime":"5ms","service":"neuroxp-api","statusCode":200,"timestamp":"2026-06-18 16:51:20"}
{"endpoint":{"averageResponseTime":"11.08ms","p95ResponseTime":"21.00ms","totalRequests":26},"level":"info","message":"Request metrics recorded","method":"GET","path":"/:id","requestId":"unknown","responseTime":"7ms","service":"neuroxp-api","statusCode":200,"timestamp":"2026-06-18 16:51:22"}
{"endpoint":{"averageResponseTime":"9.00ms","p95ResponseTime":"12.00ms","totalRequests":7},"level":"info","message":"Request metrics recorded","method":"GET","path":"/:id/friends","requestId":"unknown","responseTime":"12ms","service":"neuroxp-api","statusCode":200,"timestamp":"2026-06-18 16:51:22"}
{"endpoint":{"averageResponseTime":"2.00ms","p95ResponseTime":"4.00ms","totalRequests":8},"level":"info","message":"Request metrics recorded","method":"GET","path":"/ranking","requestId":"unknown","responseTime":"4ms","service":"neuroxp-api","statusCode":200,"timestamp":"2026-06-18 16:51:25"}
{"email":"rubrica-validacao-724666@example.com","level":"info","message":"User created successfully","requestId":"ef6026ac-d5ae-4cdb-8297-b0f974fa46dd","service":"neuroxp-api","timestamp":"2026-06-18 16:51:27","userId":6}
{"endpoint":{"averageResponseTime":"321.83ms","p95ResponseTime":"345.00ms","totalRequests":6},"level":"info","message":"Request metrics recorded","method":"POST","path":"/","requestId":"unknown","responseTime":"325ms","service":"neuroxp-api","statusCode":201,"timestamp":"2026-06-18 16:51:27"}
{"endpoint":{"averageResponseTime":"276.00ms","p95ResponseTime":"345.00ms","totalRequests":7},"level":"info","message":"Request metrics recorded","method":"POST","path":"/","requestId":"unknown","responseTime":"1ms","service":"neuroxp-api","statusCode":409,"timestamp":"2026-06-18 16:51:27"}
{"endpoint":{"averageResponseTime":"336.33ms","p95ResponseTime":"357.00ms","totalRequests":3},"level":"info","message":"Request metrics recorded","method":"POST","path":"/login","requestId":"unknown","responseTime":"357ms","service":"neuroxp-api","statusCode":401,"timestamp":"2026-06-18 16:51:27"}
{"email":"rubrica-validacao-amigo-735400@example.com","level":"info","message":"User created successfully","requestId":"542b03b3-d98f-47a3-aa29-5b299b710d4e","service":"neuroxp-api","timestamp":"2026-06-18 16:51:27","userId":7}
{"endpoint":{"averageResponseTime":"289.13ms","p95ResponseTime":"381.00ms","totalRequests":8},"level":"info","message":"Request metrics recorded","method":"POST","path":"/","requestId":"unknown","responseTime":"381ms","service":"neuroxp-api","statusCode":201,"timestamp":"2026-06-18 16:51:27"}
{"friendId":7,"level":"info","message":"Friend added successfully","requestId":"3606dc37-54d8-4554-915b-7ad92b833355","service":"neuroxp-api","timestamp":"2026-06-18 16:51:27","userId":6}
{"endpoint":{"averageResponseTime":"13.50ms","p95ResponseTime":"14.00ms","totalRequests":2},"level":"info","message":"Request metrics recorded","method":"POST","path":"/:id/friends","requestId":"unknown","responseTime":"14ms","service":"neuroxp-api","statusCode":201,"timestamp":"2026-06-18 16:51:27"}
{"endpoint":{"averageResponseTime":"11.00ms","p95ResponseTime":"14.00ms","totalRequests":3},"level":"info","message":"Request metrics recorded","method":"POST","path":"/:id/friends","requestId":"unknown","responseTime":"6ms","service":"neuroxp-api","statusCode":409,"timestamp":"2026-06-18 16:51:28"}
{"level":"info","message":"Server running on port 3000","service":"neuroxp-api","timestamp":"2026-06-18 17:10:01"}
{"endpoint":{"averageResponseTime":"8.75ms","p95ResponseTime":"17.00ms","totalRequests":20},"level":"info","message":"Request metrics recorded","method":"GET","path":"/:id/tasks","requestId":"unknown","responseTime":"8ms","service":"neuroxp-api","statusCode":200,"timestamp":"2026-06-18 17:10:31"}
{"endpoint":{"averageResponseTime":"10.96ms","p95ResponseTime":"21.00ms","totalRequests":27},"level":"info","message":"Request metrics recorded","method":"GET","path":"/:id","requestId":"unknown","responseTime":"8ms","service":"neuroxp-api","statusCode":200,"timestamp":"2026-06-18 17:10:31"}
{"endpoint":{"averageResponseTime":"1.44ms","p95ResponseTime":"10.00ms","totalRequests":16},"level":"info","message":"Request metrics recorded","method":"POST","path":"/:id/tasks","requestId":"unknown","responseTime":"1ms","service":"neuroxp-api","statusCode":400,"timestamp":"2026-06-18 17:12:49"}
{"endpoint":{"averageResponseTime":"1.35ms","p95ResponseTime":"10.00ms","totalRequests":17},"level":"info","message":"Request metrics recorded","method":"POST","path":"/:id/tasks","requestId":"unknown","responseTime":"0ms","service":"neuroxp-api","statusCode":400,"timestamp":"2026-06-18 17:13:04"}
{"endpoint":{"averageResponseTime":"1.28ms","p95ResponseTime":"10.00ms","totalRequests":18},"level":"info","message":"Request metrics recorded","method":"POST","path":"/:id/tasks","requestId":"unknown","responseTime":"0ms","service":"neuroxp-api","statusCode":400,"timestamp":"2026-06-18 17:13:06"}
{"endpoint":{"averageResponseTime":"1.21ms","p95ResponseTime":"10.00ms","totalRequests":19},"level":"info","message":"Request metrics recorded","method":"POST","path":"/:id/tasks","requestId":"unknown","responseTime":"0ms","service":"neuroxp-api","statusCode":400,"timestamp":"2026-06-18 17:13:06"}
{"endpoint":{"averageResponseTime":"1.15ms","p95ResponseTime":"8.00ms","totalRequests":20},"level":"info","message":"Request metrics recorded","method":"POST","path":"/:id/tasks","requestId":"unknown","responseTime":"0ms","service":"neuroxp-api","statusCode":400,"timestamp":"2026-06-18 17:13:06"}
{"endpoint":{"averageResponseTime":"1.10ms","p95ResponseTime":"8.00ms","totalRequests":21},"level":"info","message":"Request metrics recorded","method":"POST","path":"/:id/tasks","requestId":"unknown","responseTime":"0ms","service":"neuroxp-api","statusCode":400,"timestamp":"2026-06-18 17:13:07"}
{"endpoint":{"averageResponseTime":"1.09ms","p95ResponseTime":"8.00ms","totalRequests":22},"level":"info","message":"Request metrics recorded","method":"POST","path":"/:id/tasks","requestId":"unknown","responseTime":"1ms","service":"neuroxp-api","statusCode":400,"timestamp":"2026-06-18 17:13:07"}
{"endpoint":{"averageResponseTime":"1.04ms","p95ResponseTime":"8.00ms","totalRequests":23},"level":"info","message":"Request metrics recorded","method":"POST","path":"/:id/tasks","requestId":"unknown","responseTime":"0ms","service":"neuroxp-api","statusCode":400,"timestamp":"2026-06-18 17:13:07"}
{"endpoint":{"averageResponseTime":"1.00ms","p95ResponseTime":"8.00ms","totalRequests":24},"level":"info","message":"Request metrics recorded","method":"POST","path":"/:id/tasks","requestId":"unknown","responseTime":"0ms","service":"neuroxp-api","statusCode":400,"timestamp":"2026-06-18 17:13:07"}
{"endpoint":{"averageResponseTime":"1.20ms","p95ResponseTime":"8.00ms","totalRequests":25},"level":"info","message":"Request metrics recorded","method":"POST","path":"/:id/tasks","requestId":"unknown","responseTime":"6ms","service":"neuroxp-api","statusCode":201,"timestamp":"2026-06-18 17:13:16"}
{"endpoint":{"averageResponseTime":"8.57ms","p95ResponseTime":"17.00ms","totalRequests":21},"level":"info","message":"Request metrics recorded","method":"GET","path":"/:id/tasks","requestId":"unknown","responseTime":"5ms","service":"neuroxp-api","statusCode":200,"timestamp":"2026-06-18 17:13:16"}
{"endpoint":{"averageResponseTime":"10.75ms","p95ResponseTime":"21.00ms","totalRequests":28},"level":"info","message":"Request metrics recorded","method":"GET","path":"/:id","requestId":"unknown","responseTime":"5ms","service":"neuroxp-api","statusCode":200,"timestamp":"2026-06-18 17:13:16"}
{"endpoint":{"averageResponseTime":"1.38ms","p95ResponseTime":"8.00ms","totalRequests":26},"level":"info","message":"Request metrics recorded","method":"POST","path":"/:id/tasks","requestId":"unknown","responseTime":"6ms","service":"neuroxp-api","statusCode":201,"timestamp":"2026-06-18 17:13:40"}
{"endpoint":{"averageResponseTime":"8.41ms","p95ResponseTime":"17.00ms","totalRequests":22},"level":"info","message":"Request metrics recorded","method":"GET","path":"/:id/tasks","requestId":"unknown","responseTime":"5ms","service":"neuroxp-api","statusCode":200,"timestamp":"2026-06-18 17:13:40"}
{"endpoint":{"averageResponseTime":"10.59ms","p95ResponseTime":"21.00ms","totalRequests":29},"level":"info","message":"Request metrics recorded","method":"GET","path":"/:id","requestId":"unknown","responseTime":"6ms","service":"neuroxp-api","statusCode":200,"timestamp":"2026-06-18 17:13:40"}
{"level":"info","message":"Task completed successfully","requestId":"de2922a8-b852-4529-8cb5-24f69010c300","service":"neuroxp-api","taskId":"2","timestamp":"2026-06-18 17:13:49","userId":1}
{"endpoint":{"averageResponseTime":"12.67ms","p95ResponseTime":"15.00ms","totalRequests":3},"level":"info","message":"Request metrics recorded","method":"PATCH","path":"/:id/tasks/:taskId/complete","requestId":"unknown","responseTime":"10ms","service":"neuroxp-api","statusCode":200,"timestamp":"2026-06-18 17:13:49"}
{"endpoint":{"averageResponseTime":"8.26ms","p95ResponseTime":"17.00ms","totalRequests":23},"level":"info","message":"Request metrics recorded","method":"GET","path":"/:id/tasks","requestId":"unknown","responseTime":"5ms","service":"neuroxp-api","statusCode":200,"timestamp":"2026-06-18 17:13:49"}
{"endpoint":{"averageResponseTime":"10.43ms","p95ResponseTime":"21.00ms","totalRequests":30},"level":"info","message":"Request metrics recorded","method":"GET","path":"/:id","requestId":"unknown","responseTime":"6ms","service":"neuroxp-api","statusCode":200,"timestamp":"2026-06-18 17:13:49"}
{"endpoint":{"averageResponseTime":"1.59ms","p95ResponseTime":"8.00ms","totalRequests":27},"level":"info","message":"Request metrics recorded","method":"POST","path":"/:id/tasks","requestId":"unknown","responseTime":"7ms","service":"neuroxp-api","statusCode":201,"timestamp":"2026-06-18 17:14:31"}
{"endpoint":{"averageResponseTime":"8.17ms","p95ResponseTime":"17.00ms","totalRequests":24},"level":"info","message":"Request metrics recorded","method":"GET","path":"/:id/tasks","requestId":"unknown","responseTime":"6ms","service":"neuroxp-api","statusCode":200,"timestamp":"2026-06-18 17:14:31"}
{"endpoint":{"averageResponseTime":"10.29ms","p95ResponseTime":"21.00ms","totalRequests":31},"level":"info","message":"Request metrics recorded","method":"GET","path":"/:id","requestId":"unknown","responseTime":"6ms","service":"neuroxp-api","statusCode":200,"timestamp":"2026-06-18 17:14:31"}
{"level":"info","message":"Task completed successfully","requestId":"0887862e-cadc-4efa-9788-4ab93b5a9e7a","service":"neuroxp-api","taskId":"4","timestamp":"2026-06-18 17:14:32","userId":1}
{"endpoint":{"averageResponseTime":"12.00ms","p95ResponseTime":"15.00ms","totalRequests":4},"level":"info","message":"Request metrics recorded","method":"PATCH","path":"/:id/tasks/:taskId/complete","requestId":"unknown","responseTime":"10ms","service":"neuroxp-api","statusCode":200,"timestamp":"2026-06-18 17:14:32"}
{"endpoint":{"averageResponseTime":"8.04ms","p95ResponseTime":"17.00ms","totalRequests":25},"level":"info","message":"Request metrics recorded","method":"GET","path":"/:id/tasks","requestId":"unknown","responseTime":"5ms","service":"neuroxp-api","statusCode":200,"timestamp":"2026-06-18 17:14:32"}
{"endpoint":{"averageResponseTime":"10.19ms","p95ResponseTime":"21.00ms","totalRequests":32},"level":"info","message":"Request metrics recorded","method":"GET","path":"/:id","requestId":"unknown","responseTime":"7ms","service":"neuroxp-api","statusCode":200,"timestamp":"2026-06-18 17:14:32"}
{"endpoint":{"averageResponseTime":"1.75ms","p95ResponseTime":"8.00ms","totalRequests":28},"level":"info","message":"Request metrics recorded","method":"POST","path":"/:id/tasks","requestId":"unknown","responseTime":"6ms","service":"neuroxp-api","statusCode":201,"timestamp":"2026-06-18 17:14:42"}
{"endpoint":{"averageResponseTime":"7.92ms","p95ResponseTime":"17.00ms","totalRequests":26},"level":"info","message":"Request metrics recorded","method":"GET","path":"/:id/tasks","requestId":"unknown","responseTime":"5ms","service":"neuroxp-api","statusCode":200,"timestamp":"2026-06-18 17:14:42"}
{"endpoint":{"averageResponseTime":"10.06ms","p95ResponseTime":"21.00ms","totalRequests":33},"level":"info","message":"Request metrics recorded","method":"GET","path":"/:id","requestId":"unknown","responseTime":"6ms","service":"neuroxp-api","statusCode":200,"timestamp":"2026-06-18 17:14:42"}
{"level":"info","message":"Task completed successfully","requestId":"8af08d7c-3cb8-4ef0-806c-77e6c826f258","service":"neuroxp-api","taskId":"3","timestamp":"2026-06-18 17:14:43","userId":1}
{"endpoint":{"averageResponseTime":"11.80ms","p95ResponseTime":"15.00ms","totalRequests":5},"level":"info","message":"Request metrics recorded","method":"PATCH","path":"/:id/tasks/:taskId/complete","requestId":"unknown","responseTime":"11ms","service":"neuroxp-api","statusCode":200,"timestamp":"2026-06-18 17:14:43"}
{"endpoint":{"averageResponseTime":"7.85ms","p95ResponseTime":"17.00ms","totalRequests":27},"level":"info","message":"Request metrics recorded","method":"GET","path":"/:id/tasks","requestId":"unknown","responseTime":"6ms","service":"neuroxp-api","statusCode":200,"timestamp":"2026-06-18 17:14:43"}
{"endpoint":{"averageResponseTime":"10.03ms","p95ResponseTime":"21.00ms","totalRequests":34},"level":"info","message":"Request metrics recorded","method":"GET","path":"/:id","requestId":"unknown","responseTime":"9ms","service":"neuroxp-api","statusCode":200,"timestamp":"2026-06-18 17:14:43"}
{"level":"info","message":"Task completed successfully","requestId":"25c39949-553c-4c8d-abb6-94a7e84b1245","service":"neuroxp-api","taskId":"5","timestamp":"2026-06-18 17:14:43","userId":1}
{"endpoint":{"averageResponseTime":"11.17ms","p95ResponseTime":"15.00ms","totalRequests":6},"level":"info","message":"Request metrics recorded","method":"PATCH","path":"/:id/tasks/:taskId/complete","requestId":"unknown","responseTime":"8ms","service":"neuroxp-api","statusCode":200,"timestamp":"2026-06-18 17:14:43"}
{"endpoint":{"averageResponseTime":"7.79ms","p95ResponseTime":"17.00ms","totalRequests":28},"level":"info","message":"Request metrics recorded","method":"GET","path":"/:id/tasks","requestId":"unknown","responseTime":"6ms","service":"neuroxp-api","statusCode":200,"timestamp":"2026-06-18 17:14:43"}
{"endpoint":{"averageResponseTime":"9.91ms","p95ResponseTime":"21.00ms","totalRequests":35},"level":"info","message":"Request metrics recorded","method":"GET","path":"/:id","requestId":"unknown","responseTime":"6ms","service":"neuroxp-api","statusCode":200,"timestamp":"2026-06-18 17:14:43"}
{"level":"info","message":"Server running on port 3000","service":"neuroxp-api","timestamp":"2026-06-18 17:14:52"}
{"endpoint":{"averageResponseTime":"8.38ms","p95ResponseTime":"19.00ms","totalRequests":29},"level":"info","message":"Request metrics recorded","method":"GET","path":"/:id/tasks","requestId":"unknown","responseTime":"25ms","service":"neuroxp-api","statusCode":200,"timestamp":"2026-06-18 17:15:17"}
{"endpoint":{"averageResponseTime":"10.53ms","p95ResponseTime":"27.00ms","totalRequests":36},"level":"info","message":"Request metrics recorded","method":"GET","path":"/:id","requestId":"unknown","responseTime":"32ms","service":"neuroxp-api","statusCode":200,"timestamp":"2026-06-18 17:15:17"}
{"level":"info","message":"Server running on port 3000","service":"neuroxp-api","timestamp":"2026-06-18 17:17:09"}
{"endpoint":{"averageResponseTime":"8.40ms","p95ResponseTime":"19.00ms","totalRequests":30},"level":"info","message":"Request metrics recorded","method":"GET","path":"/:id/tasks","requestId":"unknown","responseTime":"9ms","service":"neuroxp-api","statusCode":200,"timestamp":"2026-06-18 17:17:42"}
{"endpoint":{"averageResponseTime":"10.51ms","p95ResponseTime":"27.00ms","totalRequests":37},"level":"info","message":"Request metrics recorded","method":"GET","path":"/:id","requestId":"unknown","responseTime":"10ms","service":"neuroxp-api","statusCode":200,"timestamp":"2026-06-18 17:17:42"}
{"endpoint":{"averageResponseTime":"1.97ms","p95ResponseTime":"8.00ms","totalRequests":29},"level":"info","message":"Request metrics recorded","method":"POST","path":"/:id/tasks","requestId":"unknown","responseTime":"8ms","service":"neuroxp-api","statusCode":201,"timestamp":"2026-06-18 17:20:37"}
{"endpoint":{"averageResponseTime":"8.45ms","p95ResponseTime":"19.00ms","totalRequests":31},"level":"info","message":"Request metrics recorded","method":"GET","path":"/:id/tasks","requestId":"unknown","responseTime":"10ms","service":"neuroxp-api","statusCode":200,"timestamp":"2026-06-18 17:20:37"}
{"endpoint":{"averageResponseTime":"10.66ms","p95ResponseTime":"27.00ms","totalRequests":38},"level":"info","message":"Request metrics recorded","method":"GET","path":"/:id","requestId":"unknown","responseTime":"16ms","service":"neuroxp-api","statusCode":200,"timestamp":"2026-06-18 17:20:37"}
